22:33:55:844 [ 3492] | INFO  | Initializing crosire's ReShade version '6.7.3.2150' (64-bit) loaded from 'C:\Users\Jere2\Downloads\Vs. WinMario 2.75-2.8\Chat lock in\export\release\windows\bin\OPENGL32.DLL' into 'C:\Users\Jere2\Downloads\Vs. WinMario 2.75-2.8\Chat lock in\export\release\windows\bin\WinMario.exe' (0x2058CC67) ...
22:33:55:844 [ 3492] | INFO  | Registering hooks for 'user32.dll' ...
22:33:55:844 [ 3492] | INFO  | > Libraries loaded.
22:33:55:845 [ 3492] | INFO  | > Found 21 match(es). Installing ...
22:33:55:871 [ 3492] | INFO  | Registering hooks for 'C:\WINDOWS\system32\dinput.dll' ...
22:33:55:872 [ 3492] | INFO  | > Delayed.
22:33:55:872 [ 3492] | INFO  | Registering hooks for 'C:\WINDOWS\system32\dinput8.dll' ...
22:33:55:872 [ 3492] | INFO  | > Libraries loaded.
22:33:55:872 [ 3492] | INFO  | > Found 2 match(es). Installing ...
22:33:55:897 [ 3492] | INFO  | Registering hooks for 'ws2_32.dll' ...
22:33:55:897 [ 3492] | INFO  | > Libraries loaded.
22:33:55:897 [ 3492] | INFO  | > Found 8 match(es). Installing ...
22:33:55:924 [ 3492] | INFO  | Registering hooks for 'C:\WINDOWS\system32\opengl32.dll' ...
22:33:55:924 [ 3492] | INFO  | > Delayed until first call to an exported function.
22:33:55:924 [ 3492] | INFO  | Registering hooks for 'openvr_api.dll' ...
22:33:55:924 [ 3492] | INFO  | > Delayed.
22:33:55:924 [ 3492] | INFO  | Initialized.
22:33:55:926 [ 3492] | INFO  | Redirecting wglChoosePixelFormat(hdc = FFFFFFFFC4010A5D, ppfd = 000000A6F96FF2A0) ...
22:33:55:926 [ 3492] | INFO  | > Dumping pixel format descriptor:
22:33:55:926 [ 3492] | INFO  |   +-----------------------------------------+-----------------------------------------+
22:33:55:926 [ 3492] | INFO  |   | Name                                    | Value                                   |
22:33:55:926 [ 3492] | INFO  |   +-----------------------------------------+-----------------------------------------+
22:33:55:926 [ 3492] | INFO  |   | Flags                                   | 0x25                                    |
22:33:55:926 [ 3492] | INFO  |   | ColorBits                               | 24                                      |
22:33:55:927 [ 3492] | INFO  |   | DepthBits                               | 8                                       |
22:33:55:927 [ 3492] | INFO  |   | StencilBits                             | 8                                       |
22:33:55:927 [ 3492] | INFO  |   +-----------------------------------------+-----------------------------------------+
22:33:55:927 [ 3492] | INFO  | Installing export hooks for 'C:\WINDOWS\system32\opengl32.dll' ...
22:33:55:928 [ 3492] | INFO  | > Found 360 match(es). Installing ...
22:33:56:014 [ 3492] | INFO  | Returning pixel format: 12
22:33:56:014 [ 3492] | INFO  | Redirecting wglSetPixelFormat(hdc = FFFFFFFFC4010A5D, iPixelFormat = 12, ppfd = 000000A6F96FF2A0) ...
22:33:56:014 [ 3492] | INFO  | Searching for add-ons (*.addon, *.addon64) in 'C:\Users\Jere2\Downloads\Vs. WinMario 2.75-2.8\Chat lock in\export\release\windows\bin' ...
22:33:56:014 [ 3492] | INFO  | Redirecting wglCreateContext(hdc = FFFFFFFFC4010A5D) ...
22:33:56:014 [ 3492] | INFO  | > Passing on to wglCreateLayerContext:
22:33:56:014 [ 3492] | INFO  | Redirecting wglCreateLayerContext(hdc = FFFFFFFFC4010A5D, iLayerPlane = 0) ...
22:33:56:131 [ 3492] | INFO  | Searching for add-ons (*.addon, *.addon64) in 'C:\Users\Jere2\Downloads\Vs. WinMario 2.75-2.8\Chat lock in\export\release\windows\bin' ...
22:33:56:159 [ 3492] | INFO  | Redirecting wglDeleteContext(hglrc = 0000000000010000) ...
22:33:56:171 [ 3492] | INFO  | Redirecting wglChoosePixelFormat(hdc = FFFFFFFFB201138B, ppfd = 000000A6F96FF0F0) ...
22:33:56:171 [ 3492] | INFO  | > Dumping pixel format descriptor:
22:33:56:171 [ 3492] | INFO  |   +-----------------------------------------+-----------------------------------------+
22:33:56:171 [ 3492] | INFO  |   | Name                                    | Value                                   |
22:33:56:171 [ 3492] | INFO  |   +-----------------------------------------+-----------------------------------------+
22:33:56:171 [ 3492] | INFO  |   | Flags                                   | 0x25                                    |
22:33:56:171 [ 3492] | INFO  |   | ColorBits                               | 24                                      |
22:33:56:171 [ 3492] | INFO  |   | DepthBits                               | 8                                       |
22:33:56:171 [ 3492] | INFO  |   | StencilBits                             | 8                                       |
22:33:56:171 [ 3492] | INFO  |   +-----------------------------------------+-----------------------------------------+
22:33:56:174 [ 3492] | INFO  | Returning pixel format: 12
22:33:56:174 [ 3492] | INFO  | Redirecting wglSetPixelFormat(hdc = FFFFFFFFB201138B, iPixelFormat = 12, ppfd = 000000A6F96FF0F0) ...
22:33:56:175 [ 3492] | INFO  | Searching for add-ons (*.addon, *.addon64) in 'C:\Users\Jere2\Downloads\Vs. WinMario 2.75-2.8\Chat lock in\export\release\windows\bin' ...
22:33:56:175 [ 3492] | INFO  | Redirecting wglCreateContext(hdc = FFFFFFFFB201138B) ...
22:33:56:175 [ 3492] | INFO  | > Passing on to wglCreateLayerContext:
22:33:56:175 [ 3492] | INFO  | Redirecting wglCreateLayerContext(hdc = FFFFFFFFB201138B, iLayerPlane = 0) ...
22:33:56:181 [ 3492] | INFO  | Searching for add-ons (*.addon, *.addon64) in 'C:\Users\Jere2\Downloads\Vs. WinMario 2.75-2.8\Chat lock in\export\release\windows\bin' ...
22:33:56:182 [ 3492] | INFO  | Redirecting wglChoosePixelFormatARB(hdc = FFFFFFFFB201138B, piAttribIList = 000000A6F96FF1A0, pfAttribFList = 000000A6F96FF2B0, nMaxFormats = 1, piFormats = 000000A6F96FF150, nNumFormats = 000000A6F96FF168) ...
22:33:56:182 [ 3492] | INFO  | > Dumping attributes:
22:33:56:182 [ 3492] | INFO  |   +-----------------------------------------+-----------------------------------------+
22:33:56:182 [ 3492] | INFO  |   | Attribute                               | Value                                   |
22:33:56:182 [ 3492] | INFO  |   +-----------------------------------------+-----------------------------------------+
22:33:56:182 [ 3492] | INFO  |   | WGL_DRAW_TO_WINDOW_ARB                  | TRUE                                    |
22:33:56:182 [ 3492] | INFO  |   | WGL_RED_BITS_ARB                        | 8                                       |
22:33:56:182 [ 3492] | INFO  |   | WGL_GREEN_BITS_ARB                      | 8                                       |
22:33:56:182 [ 3492] | INFO  |   | WGL_BLUE_BITS_ARB                       | 8                                       |
22:33:56:182 [ 3492] | INFO  |   | WGL_ALPHA_BITS_ARB                      | 8                                       |
22:33:56:182 [ 3492] | INFO  |   | WGL_DOUBLE_BUFFER_ARB                   | TRUE                                    |
22:33:56:182 [ 3492] | INFO  |   | WGL_DEPTH_BITS_ARB                      | 8                                       |
22:33:56:182 [ 3492] | INFO  |   | WGL_STENCIL_BITS_ARB                    | 8                                       |
22:33:56:182 [ 3492] | INFO  |   | WGL_ACCELERATION_ARB                    | 0x2027                                  |
22:33:56:182 [ 3492] | INFO  |   +-----------------------------------------+-----------------------------------------+
22:33:56:195 [ 3492] | INFO  | Returning pixel format(s): 12
22:33:56:195 [ 3492] | INFO  | Redirecting wglDeleteContext(hglrc = 0000000000020000) ...
22:33:56:198 [ 3492] | INFO  | Redirecting wglSetPixelFormat(hdc = 000000002E010A5D, iPixelFormat = 12, ppfd = 000000A6F96FF170) ...
22:33:56:198 [ 3492] | INFO  | Searching for add-ons (*.addon, *.addon64) in 'C:\Users\Jere2\Downloads\Vs. WinMario 2.75-2.8\Chat lock in\export\release\windows\bin' ...
22:33:56:218 [ 3492] | INFO  | Redirecting wglCreateContext(hdc = 000000002E010A5D) ...
22:33:56:218 [ 3492] | INFO  | > Passing on to wglCreateLayerContext:
22:33:56:218 [ 3492] | INFO  | Redirecting wglCreateLayerContext(hdc = 000000002E010A5D, iLayerPlane = 0) ...
22:33:56:225 [ 3492] | INFO  | Searching for add-ons (*.addon, *.addon64) in 'C:\Users\Jere2\Downloads\Vs. WinMario 2.75-2.8\Chat lock in\export\release\windows\bin' ...
22:33:56:277 [ 3492] | INFO  | Resizing device context 000000002E010A5D to 1280x720 ...
22:33:56:278 [ 3492] | INFO  | Running on NVIDIA GeForce RTX 4060/PCIe/SSE2.
22:33:56:672 [ 3492] | INFO  | Recreated runtime environment on runtime 000001C51A3BA360 ('C:\Users\Jere2\Downloads\Vs. WinMario 2.75-2.8\Chat lock in\export\release\windows\bin\ReShade.ini').
22:33:56:725 [15572] | INFO  | Successfully compiled 'C:\Users\Jere2\Downloads\Vs. WinMario 2.75-2.8\Chat lock in\export\release\windows\bin\reshade-shaders\Shaders\NightVision.fx' in 0.047000 s.
22:33:56:732 [ 4692] | INFO  | Successfully compiled 'C:\Users\Jere2\Downloads\Vs. WinMario 2.75-2.8\Chat lock in\export\release\windows\bin\reshade-shaders\Shaders\DH\dh_undither.fx' in 0.054000 s.
22:33:56:735 [21924] | INFO  | Successfully compiled 'C:\Users\Jere2\Downloads\Vs. WinMario 2.75-2.8\Chat lock in\export\release\windows\bin\reshade-shaders\Shaders\LevelsPlus.fx' in 0.057000 s.
22:33:56:742 [20908] | INFO  | Successfully compiled 'C:\Users\Jere2\Downloads\Vs. WinMario 2.75-2.8\Chat lock in\export\release\windows\bin\reshade-shaders\Shaders\SweetFX\Tonemap.fx' in 0.063000 s.
22:33:56:742 [ 4424] | INFO  | Successfully compiled 'C:\Users\Jere2\Downloads\Vs. WinMario 2.75-2.8\Chat lock in\export\release\windows\bin\reshade-shaders\Shaders\SweetFX\LiftGammaGain.fx' in 0.063000 s.
22:33:56:742 [ 8660] | INFO  | Successfully compiled 'C:\Users\Jere2\Downloads\Vs. WinMario 2.75-2.8\Chat lock in\export\release\windows\bin\reshade-shaders\Shaders\SweetFX\Cartoon.fx' in 0.064000 s.
22:33:56:743 [ 2724] | INFO  | Successfully compiled 'C:\Users\Jere2\Downloads\Vs. WinMario 2.75-2.8\Chat lock in\export\release\windows\bin\reshade-shaders\Shaders\SweetFX\FilmGrain.fx' in 0.065000 s.
22:33:56:744 [  456] | INFO  | Successfully compiled 'C:\Users\Jere2\Downloads\Vs. WinMario 2.75-2.8\Chat lock in\export\release\windows\bin\reshade-shaders\Shaders\Deband.fx' in 0.065000 s.
22:33:56:744 [20744] | INFO  | Successfully compiled 'C:\Users\Jere2\Downloads\Vs. WinMario 2.75-2.8\Chat lock in\export\release\windows\bin\reshade-shaders\Shaders\SweetFX\CRT.fx' in 0.066000 s.
22:33:56:747 [23176] | INFO  | Successfully compiled 'C:\Users\Jere2\Downloads\Vs. WinMario 2.75-2.8\Chat lock in\export\release\windows\bin\reshade-shaders\Shaders\DH\dh_sync.fx' in 0.068000 s.
22:33:56:755 [ 2244] | INFO  | Successfully compiled 'C:\Users\Jere2\Downloads\Vs. WinMario 2.75-2.8\Chat lock in\export\release\windows\bin\reshade-shaders\Shaders\GaussianBlur.fx' in 0.077000 s.
22:33:56:761 [21524] | INFO  | Successfully compiled 'C:\Users\Jere2\Downloads\Vs. WinMario 2.75-2.8\Chat lock in\export\release\windows\bin\reshade-shaders\Shaders\AdaptiveSharpen.fx' in 0.083000 s.
22:33:56:768 [21408] | INFO  | Successfully compiled 'C:\Users\Jere2\Downloads\Vs. WinMario 2.75-2.8\Chat lock in\export\release\windows\bin\reshade-shaders\Shaders\FakeMotionBlur.fx' in 0.090000 s.
22:33:56:774 [15572] | INFO  | Successfully compiled 'C:\Users\Jere2\Downloads\Vs. WinMario 2.75-2.8\Chat lock in\export\release\windows\bin\reshade-shaders\Shaders\ReflectiveBumpMapping.fx' in 0.047000 s.
22:33:56:778 [ 4692] | INFO  | Successfully compiled 'C:\Users\Jere2\Downloads\Vs. WinMario 2.75-2.8\Chat lock in\export\release\windows\bin\reshade-shaders\Shaders\DH\dh_uniformity_correction.fx' in 0.044000 s.
22:33:56:789 [20908] | INFO  | Successfully compiled 'C:\Users\Jere2\Downloads\Vs. WinMario 2.75-2.8\Chat lock in\export\release\windows\bin\reshade-shaders\Shaders\SweetFX\Vibrance.fx' in 0.046000 s.
22:33:56:789 [ 8660] | INFO  | Successfully compiled 'C:\Users\Jere2\Downloads\Vs. WinMario 2.75-2.8\Chat lock in\export\release\windows\bin\reshade-shaders\Shaders\SweetFX\CAS.fx' in 0.047000 s.
22:33:56:790 [ 4424] | INFO  | Successfully compiled 'C:\Users\Jere2\Downloads\Vs. WinMario 2.75-2.8\Chat lock in\export\release\windows\bin\reshade-shaders\Shaders\SweetFX\LumaSharpen.fx' in 0.047000 s.
22:33:56:794 [20744] | INFO  | Successfully compiled 'C:\Users\Jere2\Downloads\Vs. WinMario 2.75-2.8\Chat lock in\export\release\windows\bin\reshade-shaders\Shaders\SweetFX\Curves.fx' in 0.048000 s.
22:33:56:798 [19124] | INFO  | Successfully compiled 'C:\Users\Jere2\Downloads\Vs. WinMario 2.75-2.8\Chat lock in\export\release\windows\bin\reshade-shaders\Shaders\DH\dh_anime.fx' in 0.120000 s.
22:33:56:800 [ 2244] | INFO  | Successfully compiled 'C:\Users\Jere2\Downloads\Vs. WinMario 2.75-2.8\Chat lock in\export\release\windows\bin\reshade-shaders\Shaders\Glitch.fx' in 0.044000 s.
22:33:56:801 [  456] | INFO  | Successfully compiled 'C:\Users\Jere2\Downloads\Vs. WinMario 2.75-2.8\Chat lock in\export\release\windows\bin\reshade-shaders\Shaders\Denoise.fx' in 0.058000 s.
22:33:56:812 [21408] | INFO  | Successfully compiled 'C:\Users\Jere2\Downloads\Vs. WinMario 2.75-2.8\Chat lock in\export\release\windows\bin\reshade-shaders\Shaders\FilmGrain2.fx' in 0.043000 s.
22:33:56:816 [ 2724] | INFO  | Successfully compiled 'C:\Users\Jere2\Downloads\Vs. WinMario 2.75-2.8\Chat lock in\export\release\windows\bin\reshade-shaders\Shaders\SweetFX\FXAA.fx' in 0.073000 s.
22:33:56:820 [15572] | INFO  | Successfully compiled 'C:\Users\Jere2\Downloads\Vs. WinMario 2.75-2.8\Chat lock in\export\release\windows\bin\reshade-shaders\Shaders\SweetFX\ASCII.fx' in 0.045000 s.
22:33:56:821 [23176] | INFO  | Successfully compiled 'C:\Users\Jere2\Downloads\Vs. WinMario 2.75-2.8\Chat lock in\export\release\windows\bin\reshade-shaders\Shaders\DH\dh_uber_mask.fx' in 0.073000 s.
22:33:56:822 [21924] | INFO  | Successfully compiled 'C:\Users\Jere2\Downloads\Vs. WinMario 2.75-2.8\Chat lock in\export\release\windows\bin\reshade-shaders\Shaders\LightDoF.fx' in 0.086000 s.
22:33:56:829 [ 4692] | INFO  | Successfully compiled 'C:\Users\Jere2\Downloads\Vs. WinMario 2.75-2.8\Chat lock in\export\release\windows\bin\reshade-shaders\Shaders\DisplayDepth.fx' in 0.050000 s.
22:33:56:832 [ 8660] | INFO  | Successfully compiled 'C:\Users\Jere2\Downloads\Vs. WinMario 2.75-2.8\Chat lock in\export\release\windows\bin\reshade-shaders\Shaders\SweetFX\ChromaticAberration.fx' in 0.042000 s.
22:33:56:833 [20908] | INFO  | Successfully compiled 'C:\Users\Jere2\Downloads\Vs. WinMario 2.75-2.8\Chat lock in\export\release\windows\bin\reshade-shaders\Shaders\SweetFX\Vignette.fx' in 0.043000 s.
22:33:56:835 [ 4424] | INFO  | Successfully compiled 'C:\Users\Jere2\Downloads\Vs. WinMario 2.75-2.8\Chat lock in\export\release\windows\bin\reshade-shaders\Shaders\SweetFX\Monochrome.fx' in 0.043000 s.
22:33:56:842 [20744] | INFO  | Successfully compiled 'C:\Users\Jere2\Downloads\Vs. WinMario 2.75-2.8\Chat lock in\export\release\windows\bin\reshade-shaders\Shaders\SweetFX\DPX.fx' in 0.048000 s.
22:33:56:845 [15752] | INFO  | Successfully compiled 'C:\Users\Jere2\Downloads\Vs. WinMario 2.75-2.8\Chat lock in\export\release\windows\bin\reshade-shaders\Shaders\SweetFX\SMAA.fx' in 0.166000 s.
22:33:56:848 [ 2244] | INFO  | Successfully compiled 'C:\Users\Jere2\Downloads\Vs. WinMario 2.75-2.8\Chat lock in\export\release\windows\bin\reshade-shaders\Shaders\HighPassSharpen.fx' in 0.047000 s.
22:33:56:856 [19124] | INFO  | Successfully compiled 'C:\Users\Jere2\Downloads\Vs. WinMario 2.75-2.8\Chat lock in\export\release\windows\bin\reshade-shaders\Shaders\DH\dh_canvas.fx' in 0.058000 s.
22:33:56:858 [21408] | INFO  | Successfully compiled 'C:\Users\Jere2\Downloads\Vs. WinMario 2.75-2.8\Chat lock in\export\release\windows\bin\reshade-shaders\Shaders\FilmicPass.fx' in 0.044000 s.
22:33:56:863 [15572] | INFO  | Successfully compiled 'C:\Users\Jere2\Downloads\Vs. WinMario 2.75-2.8\Chat lock in\export\release\windows\bin\reshade-shaders\Shaders\SweetFX\Border.fx' in 0.043000 s.
22:33:56:864 [ 2724] | INFO  | Successfully compiled 'C:\Users\Jere2\Downloads\Vs. WinMario 2.75-2.8\Chat lock in\export\release\windows\bin\reshade-shaders\Shaders\SweetFX\Layer.fx' in 0.046000 s.
22:33:56:866 [21924] | INFO  | Successfully compiled 'C:\Users\Jere2\Downloads\Vs. WinMario 2.75-2.8\Chat lock in\export\release\windows\bin\reshade-shaders\Shaders\LUT.fx' in 0.043000 s.
22:33:56:872 [  456] | INFO  | Successfully compiled 'C:\Users\Jere2\Downloads\Vs. WinMario 2.75-2.8\Chat lock in\export\release\windows\bin\reshade-shaders\Shaders\DH\dh_ahoh.fx' in 0.070000 s.
22:33:56:872 [ 8660] | INFO  | Successfully compiled 'C:\Users\Jere2\Downloads\Vs. WinMario 2.75-2.8\Chat lock in\export\release\windows\bin\reshade-shaders\Shaders\SweetFX\ColorMatrix.fx' in 0.040000 s.
22:33:56:877 [21524] | INFO  | Successfully compiled 'C:\Users\Jere2\Downloads\Vs. WinMario 2.75-2.8\Chat lock in\export\release\windows\bin\reshade-shaders\Shaders\AmbientLight.fx' in 0.114000 s.
22:33:56:879 [ 4424] | INFO  | Successfully compiled 'C:\Users\Jere2\Downloads\Vs. WinMario 2.75-2.8\Chat lock in\export\release\windows\bin\reshade-shaders\Shaders\SweetFX\Nostalgia.fx' in 0.044000 s.
22:33:56:882 [20744] | INFO  | Successfully compiled 'C:\Users\Jere2\Downloads\Vs. WinMario 2.75-2.8\Chat lock in\export\release\windows\bin\reshade-shaders\Shaders\SweetFX\FakeHDR.fx' in 0.039000 s.
22:33:56:884 [20908] | INFO  | Successfully compiled 'C:\Users\Jere2\Downloads\Vs. WinMario 2.75-2.8\Chat lock in\export\release\windows\bin\reshade-shaders\Shaders\UIMask.fx' in 0.050000 s.
22:33:56:888 [23176] | INFO  | Successfully compiled 'C:\Users\Jere2\Downloads\Vs. WinMario 2.75-2.8\Chat lock in\export\release\windows\bin\reshade-shaders\Shaders\DH\dh_uber_motion.fx' in 0.066000 s.
22:33:56:888 [ 2244] | INFO  | Successfully compiled 'C:\Users\Jere2\Downloads\Vs. WinMario 2.75-2.8\Chat lock in\export\release\windows\bin\reshade-shaders\Shaders\HQ4X.fx' in 0.039000 s.
22:33:56:894 [19124] | INFO  | Successfully compiled 'C:\Users\Jere2\Downloads\Vs. WinMario 2.75-2.8\Chat lock in\export\release\windows\bin\reshade-shaders\Shaders\DH\dh_Lain.fx' in 0.036000 s.
22:33:56:896 [15752] | INFO  | Successfully compiled 'C:\Users\Jere2\Downloads\Vs. WinMario 2.75-2.8\Chat lock in\export\release\windows\bin\reshade-shaders\Shaders\SweetFX\Splitscreen.fx' in 0.051000 s.
22:33:56:900 [ 2724] | INFO  | Successfully compiled 'C:\Users\Jere2\Downloads\Vs. WinMario 2.75-2.8\Chat lock in\export\release\windows\bin\reshade-shaders\Shaders\SweetFX\Levels.fx' in 0.035000 s.
22:33:56:911 [ 4424] | INFO  | Successfully compiled 'C:\Users\Jere2\Downloads\Vs. WinMario 2.75-2.8\Chat lock in\export\release\windows\bin\reshade-shaders\Shaders\SweetFX\Sepia.fx' in 0.031000 s.
22:33:56:919 [ 2244] | INFO  | Successfully compiled 'C:\Users\Jere2\Downloads\Vs. WinMario 2.75-2.8\Chat lock in\export\release\windows\bin\reshade-shaders\Shaders\HSLShift.fx' in 0.030000 s.
22:33:56:922 [ 8660] | INFO  | Successfully compiled 'C:\Users\Jere2\Downloads\Vs. WinMario 2.75-2.8\Chat lock in\export\release\windows\bin\reshade-shaders\Shaders\SweetFX\Compare.fx' in 0.049000 s.
22:33:56:923 [19124] | INFO  | Successfully compiled 'C:\Users\Jere2\Downloads\Vs. WinMario 2.75-2.8\Chat lock in\export\release\windows\bin\reshade-shaders\Shaders\DH\dh_pastel_bug.fx' in 0.028000 s.
22:33:56:924 [  456] | INFO  | Successfully compiled 'C:\Users\Jere2\Downloads\Vs. WinMario 2.75-2.8\Chat lock in\export\release\windows\bin\reshade-shaders\Shaders\DH\dh_ambient_remove.fx' in 0.051000 s.
22:33:56:925 [15752] | INFO  | Successfully compiled 'C:\Users\Jere2\Downloads\Vs. WinMario 2.75-2.8\Chat lock in\export\release\windows\bin\reshade-shaders\Shaders\SweetFX\Technicolor.fx' in 0.028000 s.
22:33:56:934 [21408] | INFO  | Successfully compiled 'C:\Users\Jere2\Downloads\Vs. WinMario 2.75-2.8\Chat lock in\export\release\windows\bin\reshade-shaders\Shaders\FineSharp.fx' in 0.075000 s.
22:33:56:949 [15752] | INFO  | Successfully compiled 'C:\Users\Jere2\Downloads\Vs. WinMario 2.75-2.8\Chat lock in\export\release\windows\bin\reshade-shaders\Shaders\SweetFX\Technicolor2.fx' in 0.022000 s.
22:33:56:950 [21524] | INFO  | Successfully compiled 'C:\Users\Jere2\Downloads\Vs. WinMario 2.75-2.8\Chat lock in\export\release\windows\bin\reshade-shaders\Shaders\Bloom.fx' in 0.072000 s.
22:33:56:954 [ 4692] | INFO  | Successfully compiled 'C:\Users\Jere2\Downloads\Vs. WinMario 2.75-2.8\Chat lock in\export\release\windows\bin\reshade-shaders\Shaders\DOF.fx' in 0.126000 s.
22:33:56:954 [21924] | INFO  | Successfully compiled 'C:\Users\Jere2\Downloads\Vs. WinMario 2.75-2.8\Chat lock in\export\release\windows\bin\reshade-shaders\Shaders\MagicBloom.fx' in 0.089000 s.
22:33:56:965 [21524] | INFO  | Successfully compiled 'C:\Users\Jere2\Downloads\Vs. WinMario 2.75-2.8\Chat lock in\export\release\windows\bin\reshade-shaders\Shaders\Colourfulness.fx' in 0.015000 s.
22:33:56:966 [23176] | WARN  | Successfully compiled 'C:\Users\Jere2\Downloads\Vs. WinMario 2.75-2.8\Chat lock in\export\release\windows\bin\reshade-shaders\Shaders\DH\dh_uber_rt.fx' in 0.078000 s with warnings:
C:\Users\Jere2\Downloads\Vs. WinMario 2.75-2.8\Chat lock in\export\release\windows\bin\reshade-shaders\Shaders\DH\dh_uber_rt.fx(3397, 1): error X3020: 'V__DH_UBER_RT_0206__reinhardTex': cannot sample from texture that is also used as render target in the same pass

22:33:56:975 [21524] | INFO  | Successfully compiled 'C:\Users\Jere2\Downloads\Vs. WinMario 2.75-2.8\Chat lock in\export\release\windows\bin\reshade-shaders\Shaders\Daltonize.fx' in 0.009000 s.
22:33:56:980 [23176] | INFO  | Successfully compiled 'C:\Users\Jere2\Downloads\Vs. WinMario 2.75-2.8\Chat lock in\export\release\windows\bin\reshade-shaders\Shaders\DH\DH_UI_TextDetect.fx' in 0.012000 s.
22:34:04:383 [ 3492] | INFO  | Resizing device context 000000002E010A5D to 2560x1384 ...
22:34:04:388 [ 3492] | INFO  | Destroyed runtime environment on runtime 000001C51A3BA360 ('C:\Users\Jere2\Downloads\Vs. WinMario 2.75-2.8\Chat lock in\export\release\windows\bin\ReShade.ini').
22:34:04:390 [ 3492] | INFO  | Recreated runtime environment on runtime 000001C51A3BA360 ('C:\Users\Jere2\Downloads\Vs. WinMario 2.75-2.8\Chat lock in\export\release\windows\bin\ReShade.ini').
22:34:04:434 [24924] | INFO  | Successfully compiled 'C:\Users\Jere2\Downloads\Vs. WinMario 2.75-2.8\Chat lock in\export\release\windows\bin\reshade-shaders\Shaders\SweetFX\CRT.fx' in 0.039000 s.
22:34:04:435 [ 3860] | INFO  | Successfully compiled 'C:\Users\Jere2\Downloads\Vs. WinMario 2.75-2.8\Chat lock in\export\release\windows\bin\reshade-shaders\Shaders\Deband.fx' in 0.039000 s.
22:34:04:435 [ 9752] | INFO  | Successfully compiled 'C:\Users\Jere2\Downloads\Vs. WinMario 2.75-2.8\Chat lock in\export\release\windows\bin\reshade-shaders\Shaders\NightVision.fx' in 0.039000 s.
22:34:04:437 [24928] | INFO  | Successfully compiled 'C:\Users\Jere2\Downloads\Vs. WinMario 2.75-2.8\Chat lock in\export\release\windows\bin\reshade-shaders\Shaders\SweetFX\Cartoon.fx' in 0.040000 s.
22:34:04:438 [21612] | INFO  | Successfully compiled 'C:\Users\Jere2\Downloads\Vs. WinMario 2.75-2.8\Chat lock in\export\release\windows\bin\reshade-shaders\Shaders\LevelsPlus.fx' in 0.041000 s.
22:34:04:438 [16660] | INFO  | Successfully compiled 'C:\Users\Jere2\Downloads\Vs. WinMario 2.75-2.8\Chat lock in\export\release\windows\bin\reshade-shaders\Shaders\DH\dh_undither.fx' in 0.042000 s.
22:34:04:438 [21344] | INFO  | Successfully compiled 'C:\Users\Jere2\Downloads\Vs. WinMario 2.75-2.8\Chat lock in\export\release\windows\bin\reshade-shaders\Shaders\SweetFX\LiftGammaGain.fx' in 0.041000 s.
22:34:04:438 [24580] | INFO  | Successfully compiled 'C:\Users\Jere2\Downloads\Vs. WinMario 2.75-2.8\Chat lock in\export\release\windows\bin\reshade-shaders\Shaders\SweetFX\Tonemap.fx' in 0.042000 s.
22:34:04:438 [18316] | INFO  | Successfully compiled 'C:\Users\Jere2\Downloads\Vs. WinMario 2.75-2.8\Chat lock in\export\release\windows\bin\reshade-shaders\Shaders\SweetFX\FilmGrain.fx' in 0.042000 s.
22:34:04:439 [24016] | INFO  | Successfully compiled 'C:\Users\Jere2\Downloads\Vs. WinMario 2.75-2.8\Chat lock in\export\release\windows\bin\reshade-shaders\Shaders\DH\dh_sync.fx' in 0.043000 s.
22:34:04:445 [22512] | INFO  | Successfully compiled 'C:\Users\Jere2\Downloads\Vs. WinMario 2.75-2.8\Chat lock in\export\release\windows\bin\reshade-shaders\Shaders\AdaptiveSharpen.fx' in 0.050000 s.
22:34:04:453 [23292] | INFO  | Successfully compiled 'C:\Users\Jere2\Downloads\Vs. WinMario 2.75-2.8\Chat lock in\export\release\windows\bin\reshade-shaders\Shaders\GaussianBlur.fx' in 0.057000 s.
22:34:04:461 [ 2804] | INFO  | Successfully compiled 'C:\Users\Jere2\Downloads\Vs. WinMario 2.75-2.8\Chat lock in\export\release\windows\bin\reshade-shaders\Shaders\FakeMotionBlur.fx' in 0.066000 s.
22:34:04:471 [24924] | INFO  | Successfully compiled 'C:\Users\Jere2\Downloads\Vs. WinMario 2.75-2.8\Chat lock in\export\release\windows\bin\reshade-shaders\Shaders\SweetFX\Curves.fx' in 0.035000 s.
22:34:04:472 [24928] | INFO  | Successfully compiled 'C:\Users\Jere2\Downloads\Vs. WinMario 2.75-2.8\Chat lock in\export\release\windows\bin\reshade-shaders\Shaders\SweetFX\CAS.fx' in 0.034000 s.
22:34:04:472 [ 9752] | INFO  | Successfully compiled 'C:\Users\Jere2\Downloads\Vs. WinMario 2.75-2.8\Chat lock in\export\release\windows\bin\reshade-shaders\Shaders\ReflectiveBumpMapping.fx' in 0.036000 s.
22:34:04:473 [16660] | INFO  | Successfully compiled 'C:\Users\Jere2\Downloads\Vs. WinMario 2.75-2.8\Chat lock in\export\release\windows\bin\reshade-shaders\Shaders\DH\dh_uniformity_correction.fx' in 0.034000 s.
22:34:04:473 [24580] | INFO  | Successfully compiled 'C:\Users\Jere2\Downloads\Vs. WinMario 2.75-2.8\Chat lock in\export\release\windows\bin\reshade-shaders\Shaders\SweetFX\Vibrance.fx' in 0.034000 s.
22:34:04:473 [21344] | INFO  | Successfully compiled 'C:\Users\Jere2\Downloads\Vs. WinMario 2.75-2.8\Chat lock in\export\release\windows\bin\reshade-shaders\Shaders\SweetFX\LumaSharpen.fx' in 0.035000 s.
22:34:04:481 [ 3860] | INFO  | Successfully compiled 'C:\Users\Jere2\Downloads\Vs. WinMario 2.75-2.8\Chat lock in\export\release\windows\bin\reshade-shaders\Shaders\Denoise.fx' in 0.045000 s.
22:34:04:483 [ 5312] | INFO  | Successfully compiled 'C:\Users\Jere2\Downloads\Vs. WinMario 2.75-2.8\Chat lock in\export\release\windows\bin\reshade-shaders\Shaders\DH\dh_anime.fx' in 0.089000 s.
22:34:04:488 [23292] | INFO  | Successfully compiled 'C:\Users\Jere2\Downloads\Vs. WinMario 2.75-2.8\Chat lock in\export\release\windows\bin\reshade-shaders\Shaders\Glitch.fx' in 0.034000 s.
22:34:04:489 [18316] | INFO  | Successfully compiled 'C:\Users\Jere2\Downloads\Vs. WinMario 2.75-2.8\Chat lock in\export\release\windows\bin\reshade-shaders\Shaders\SweetFX\FXAA.fx' in 0.052000 s.
22:34:04:496 [ 2804] | INFO  | Successfully compiled 'C:\Users\Jere2\Downloads\Vs. WinMario 2.75-2.8\Chat lock in\export\release\windows\bin\reshade-shaders\Shaders\FilmGrain2.fx' in 0.033000 s.
22:34:04:501 [24016] | INFO  | Successfully compiled 'C:\Users\Jere2\Downloads\Vs. WinMario 2.75-2.8\Chat lock in\export\release\windows\bin\reshade-shaders\Shaders\DH\dh_uber_mask.fx' in 0.061000 s.
22:34:04:502 [24924] | INFO  | Successfully compiled 'C:\Users\Jere2\Downloads\Vs. WinMario 2.75-2.8\Chat lock in\export\release\windows\bin\reshade-shaders\Shaders\SweetFX\DPX.fx' in 0.032000 s.
22:34:04:504 [24928] | INFO  | Successfully compiled 'C:\Users\Jere2\Downloads\Vs. WinMario 2.75-2.8\Chat lock in\export\release\windows\bin\reshade-shaders\Shaders\SweetFX\ChromaticAberration.fx' in 0.032000 s.
22:34:04:506 [16660] | INFO  | Successfully compiled 'C:\Users\Jere2\Downloads\Vs. WinMario 2.75-2.8\Chat lock in\export\release\windows\bin\reshade-shaders\Shaders\DisplayDepth.fx' in 0.033000 s.
22:34:04:506 [ 9752] | INFO  | Successfully compiled 'C:\Users\Jere2\Downloads\Vs. WinMario 2.75-2.8\Chat lock in\export\release\windows\bin\reshade-shaders\Shaders\SweetFX\ASCII.fx' in 0.034000 s.
22:34:04:506 [24580] | INFO  | Successfully compiled 'C:\Users\Jere2\Downloads\Vs. WinMario 2.75-2.8\Chat lock in\export\release\windows\bin\reshade-shaders\Shaders\SweetFX\Vignette.fx' in 0.033000 s.
22:34:04:506 [21344] | INFO  | Successfully compiled 'C:\Users\Jere2\Downloads\Vs. WinMario 2.75-2.8\Chat lock in\export\release\windows\bin\reshade-shaders\Shaders\SweetFX\Monochrome.fx' in 0.033000 s.
22:34:04:509 [21612] | INFO  | Successfully compiled 'C:\Users\Jere2\Downloads\Vs. WinMario 2.75-2.8\Chat lock in\export\release\windows\bin\reshade-shaders\Shaders\LightDoF.fx' in 0.071000 s.
22:34:04:518 [22856] | INFO  | Successfully compiled 'C:\Users\Jere2\Downloads\Vs. WinMario 2.75-2.8\Chat lock in\export\release\windows\bin\reshade-shaders\Shaders\SweetFX\SMAA.fx' in 0.123000 s.
22:34:04:522 [23292] | INFO  | Successfully compiled 'C:\Users\Jere2\Downloads\Vs. WinMario 2.75-2.8\Chat lock in\export\release\windows\bin\reshade-shaders\Shaders\HighPassSharpen.fx' in 0.034000 s.
22:34:04:525 [18316] | INFO  | Successfully compiled 'C:\Users\Jere2\Downloads\Vs. WinMario 2.75-2.8\Chat lock in\export\release\windows\bin\reshade-shaders\Shaders\SweetFX\Layer.fx' in 0.033000 s.
22:34:04:529 [ 2804] | INFO  | Successfully compiled 'C:\Users\Jere2\Downloads\Vs. WinMario 2.75-2.8\Chat lock in\export\release\windows\bin\reshade-shaders\Shaders\FilmicPass.fx' in 0.034000 s.
22:34:04:530 [ 5312] | INFO  | Successfully compiled 'C:\Users\Jere2\Downloads\Vs. WinMario 2.75-2.8\Chat lock in\export\release\windows\bin\reshade-shaders\Shaders\DH\dh_canvas.fx' in 0.045000 s.
22:34:04:536 [24924] | INFO  | Successfully compiled 'C:\Users\Jere2\Downloads\Vs. WinMario 2.75-2.8\Chat lock in\export\release\windows\bin\reshade-shaders\Shaders\SweetFX\FakeHDR.fx' in 0.033000 s.
22:34:04:537 [24928] | INFO  | Successfully compiled 'C:\Users\Jere2\Downloads\Vs. WinMario 2.75-2.8\Chat lock in\export\release\windows\bin\reshade-shaders\Shaders\SweetFX\ColorMatrix.fx' in 0.032000 s.
22:34:04:540 [ 9752] | INFO  | Successfully compiled 'C:\Users\Jere2\Downloads\Vs. WinMario 2.75-2.8\Chat lock in\export\release\windows\bin\reshade-shaders\Shaders\SweetFX\Border.fx' in 0.033000 s.
22:34:04:540 [ 3860] | INFO  | Successfully compiled 'C:\Users\Jere2\Downloads\Vs. WinMario 2.75-2.8\Chat lock in\export\release\windows\bin\reshade-shaders\Shaders\DH\dh_ahoh.fx' in 0.059000 s.
22:34:04:541 [21344] | INFO  | Successfully compiled 'C:\Users\Jere2\Downloads\Vs. WinMario 2.75-2.8\Chat lock in\export\release\windows\bin\reshade-shaders\Shaders\SweetFX\Nostalgia.fx' in 0.034000 s.
22:34:04:541 [21612] | INFO  | Successfully compiled 'C:\Users\Jere2\Downloads\Vs. WinMario 2.75-2.8\Chat lock in\export\release\windows\bin\reshade-shaders\Shaders\LUT.fx' in 0.032000 s.
22:34:04:543 [22512] | INFO  | Successfully compiled 'C:\Users\Jere2\Downloads\Vs. WinMario 2.75-2.8\Chat lock in\export\release\windows\bin\reshade-shaders\Shaders\AmbientLight.fx' in 0.097000 s.
22:34:04:549 [24580] | INFO  | Successfully compiled 'C:\Users\Jere2\Downloads\Vs. WinMario 2.75-2.8\Chat lock in\export\release\windows\bin\reshade-shaders\Shaders\UIMask.fx' in 0.042000 s.
22:34:04:552 [18316] | INFO  | Successfully compiled 'C:\Users\Jere2\Downloads\Vs. WinMario 2.75-2.8\Chat lock in\export\release\windows\bin\reshade-shaders\Shaders\SweetFX\Levels.fx' in 0.027000 s.
22:34:04:552 [23292] | INFO  | Successfully compiled 'C:\Users\Jere2\Downloads\Vs. WinMario 2.75-2.8\Chat lock in\export\release\windows\bin\reshade-shaders\Shaders\HQ4X.fx' in 0.029000 s.
22:34:04:554 [24016] | INFO  | Successfully compiled 'C:\Users\Jere2\Downloads\Vs. WinMario 2.75-2.8\Chat lock in\export\release\windows\bin\reshade-shaders\Shaders\DH\dh_uber_motion.fx' in 0.052000 s.
22:34:04:557 [ 5312] | INFO  | Successfully compiled 'C:\Users\Jere2\Downloads\Vs. WinMario 2.75-2.8\Chat lock in\export\release\windows\bin\reshade-shaders\Shaders\DH\dh_Lain.fx' in 0.026000 s.
22:34:04:558 [22856] | INFO  | Successfully compiled 'C:\Users\Jere2\Downloads\Vs. WinMario 2.75-2.8\Chat lock in\export\release\windows\bin\reshade-shaders\Shaders\SweetFX\Splitscreen.fx' in 0.038000 s.
22:34:04:564 [21344] | INFO  | Successfully compiled 'C:\Users\Jere2\Downloads\Vs. WinMario 2.75-2.8\Chat lock in\export\release\windows\bin\reshade-shaders\Shaders\SweetFX\Sepia.fx' in 0.022000 s.
22:34:04:575 [23292] | INFO  | Successfully compiled 'C:\Users\Jere2\Downloads\Vs. WinMario 2.75-2.8\Chat lock in\export\release\windows\bin\reshade-shaders\Shaders\HSLShift.fx' in 0.022000 s.
22:34:04:577 [24928] | INFO  | Successfully compiled 'C:\Users\Jere2\Downloads\Vs. WinMario 2.75-2.8\Chat lock in\export\release\windows\bin\reshade-shaders\Shaders\SweetFX\Compare.fx' in 0.039000 s.
22:34:04:578 [ 5312] | INFO  | Successfully compiled 'C:\Users\Jere2\Downloads\Vs. WinMario 2.75-2.8\Chat lock in\export\release\windows\bin\reshade-shaders\Shaders\DH\dh_pastel_bug.fx' in 0.020000 s.
22:34:04:578 [22856] | INFO  | Successfully compiled 'C:\Users\Jere2\Downloads\Vs. WinMario 2.75-2.8\Chat lock in\export\release\windows\bin\reshade-shaders\Shaders\SweetFX\Technicolor.fx' in 0.020000 s.
22:34:04:579 [ 3860] | INFO  | Successfully compiled 'C:\Users\Jere2\Downloads\Vs. WinMario 2.75-2.8\Chat lock in\export\release\windows\bin\reshade-shaders\Shaders\DH\dh_ambient_remove.fx' in 0.038000 s.
22:34:04:591 [22856] | INFO  | Successfully compiled 'C:\Users\Jere2\Downloads\Vs. WinMario 2.75-2.8\Chat lock in\export\release\windows\bin\reshade-shaders\Shaders\SweetFX\Technicolor2.fx' in 0.013000 s.
22:34:04:592 [ 2804] | INFO  | Successfully compiled 'C:\Users\Jere2\Downloads\Vs. WinMario 2.75-2.8\Chat lock in\export\release\windows\bin\reshade-shaders\Shaders\FineSharp.fx' in 0.063000 s.
22:34:04:605 [22512] | INFO  | Successfully compiled 'C:\Users\Jere2\Downloads\Vs. WinMario 2.75-2.8\Chat lock in\export\release\windows\bin\reshade-shaders\Shaders\Bloom.fx' in 0.060000 s.
22:34:04:611 [16660] | INFO  | Successfully compiled 'C:\Users\Jere2\Downloads\Vs. WinMario 2.75-2.8\Chat lock in\export\release\windows\bin\reshade-shaders\Shaders\DOF.fx' in 0.104000 s.
22:34:04:611 [21612] | INFO  | Successfully compiled 'C:\Users\Jere2\Downloads\Vs. WinMario 2.75-2.8\Chat lock in\export\release\windows\bin\reshade-shaders\Shaders\MagicBloom.fx' in 0.069000 s.
22:34:04:614 [22512] | INFO  | Successfully compiled 'C:\Users\Jere2\Downloads\Vs. WinMario 2.75-2.8\Chat lock in\export\release\windows\bin\reshade-shaders\Shaders\Colourfulness.fx' in 0.008000 s.
22:34:04:618 [22512] | INFO  | Successfully compiled 'C:\Users\Jere2\Downloads\Vs. WinMario 2.75-2.8\Chat lock in\export\release\windows\bin\reshade-shaders\Shaders\Daltonize.fx' in 0.005000 s.
22:34:04:621 [24016] | WARN  | Successfully compiled 'C:\Users\Jere2\Downloads\Vs. WinMario 2.75-2.8\Chat lock in\export\release\windows\bin\reshade-shaders\Shaders\DH\dh_uber_rt.fx' in 0.067000 s with warnings:
C:\Users\Jere2\Downloads\Vs. WinMario 2.75-2.8\Chat lock in\export\release\windows\bin\reshade-shaders\Shaders\DH\dh_uber_rt.fx(3397, 1): error X3020: 'V__DH_UBER_RT_0206__reinhardTex': cannot sample from texture that is also used as render target in the same pass

22:34:04:628 [24016] | INFO  | Successfully compiled 'C:\Users\Jere2\Downloads\Vs. WinMario 2.75-2.8\Chat lock in\export\release\windows\bin\reshade-shaders\Shaders\DH\DH_UI_TextDetect.fx' in 0.006000 s.
22:34:10:735 [ 3492] | INFO  | Resizing image data for texture 'V__lensDBTex' from 1024x576 to 1920x1080.
22:34:10:756 [ 3492] | INFO  | Resizing image data for texture 'V__lensDB2Tex' from 1024x576 to 1920x1080.
22:34:27:534 [ 3492] | INFO  | Resizing image data for texture 'V__texDirt' from 1024x576 to 1920x1080.
22:35:12:209 [ 3492] | INFO  | Resizing device context 000000002E010A5D to 2560x1440 ...
22:35:12:215 [ 3492] | INFO  | Destroyed runtime environment on runtime 000001C51A3BA360 ('C:\Users\Jere2\Downloads\Vs. WinMario 2.75-2.8\Chat lock in\export\release\windows\bin\ReShade.ini').
22:35:12:216 [ 3492] | INFO  | Recreated runtime environment on runtime 000001C51A3BA360 ('C:\Users\Jere2\Downloads\Vs. WinMario 2.75-2.8\Chat lock in\export\release\windows\bin\ReShade.ini').
22:35:12:250 [20744] | INFO  | Successfully compiled 'C:\Users\Jere2\Downloads\Vs. WinMario 2.75-2.8\Chat lock in\export\release\windows\bin\reshade-shaders\Shaders\DH\dh_undither.fx' in 0.029000 s.
22:35:12:251 [21924] | INFO  | Successfully compiled 'C:\Users\Jere2\Downloads\Vs. WinMario 2.75-2.8\Chat lock in\export\release\windows\bin\reshade-shaders\Shaders\Deband.fx' in 0.030000 s.
22:35:12:255 [ 2552] | INFO  | Successfully compiled 'C:\Users\Jere2\Downloads\Vs. WinMario 2.75-2.8\Chat lock in\export\release\windows\bin\reshade-shaders\Shaders\SweetFX\Cartoon.fx' in 0.034000 s.
22:35:12:256 [ 8020] | INFO  | Successfully compiled 'C:\Users\Jere2\Downloads\Vs. WinMario 2.75-2.8\Chat lock in\export\release\windows\bin\reshade-shaders\Shaders\SweetFX\FilmGrain.fx' in 0.035000 s.
22:35:12:256 [20908] | INFO  | Successfully compiled 'C:\Users\Jere2\Downloads\Vs. WinMario 2.75-2.8\Chat lock in\export\release\windows\bin\reshade-shaders\Shaders\NightVision.fx' in 0.035000 s.
22:35:12:256 [15236] | INFO  | Successfully compiled 'C:\Users\Jere2\Downloads\Vs. WinMario 2.75-2.8\Chat lock in\export\release\windows\bin\reshade-shaders\Shaders\SweetFX\LiftGammaGain.fx' in 0.035000 s.
22:35:12:257 [ 6940] | INFO  | Successfully compiled 'C:\Users\Jere2\Downloads\Vs. WinMario 2.75-2.8\Chat lock in\export\release\windows\bin\reshade-shaders\Shaders\SweetFX\Tonemap.fx' in 0.036000 s.
22:35:12:257 [11852] | INFO  | Successfully compiled 'C:\Users\Jere2\Downloads\Vs. WinMario 2.75-2.8\Chat lock in\export\release\windows\bin\reshade-shaders\Shaders\SweetFX\CRT.fx' in 0.037000 s.
22:35:12:259 [15752] | INFO  | Successfully compiled 'C:\Users\Jere2\Downloads\Vs. WinMario 2.75-2.8\Chat lock in\export\release\windows\bin\reshade-shaders\Shaders\LevelsPlus.fx' in 0.038000 s.
22:35:12:266 [ 4424] | INFO  | Successfully compiled 'C:\Users\Jere2\Downloads\Vs. WinMario 2.75-2.8\Chat lock in\export\release\windows\bin\reshade-shaders\Shaders\GaussianBlur.fx' in 0.045000 s.
22:35:12:268 [ 2244] | INFO  | Successfully compiled 'C:\Users\Jere2\Downloads\Vs. WinMario 2.75-2.8\Chat lock in\export\release\windows\bin\reshade-shaders\Shaders\AdaptiveSharpen.fx' in 0.047000 s.
22:35:12:268 [ 8660] | INFO  | Successfully compiled 'C:\Users\Jere2\Downloads\Vs. WinMario 2.75-2.8\Chat lock in\export\release\windows\bin\reshade-shaders\Shaders\DH\dh_sync.fx' in 0.047000 s.
22:35:12:283 [20744] | INFO  | Successfully compiled 'C:\Users\Jere2\Downloads\Vs. WinMario 2.75-2.8\Chat lock in\export\release\windows\bin\reshade-shaders\Shaders\DH\dh_uniformity_correction.fx' in 0.032000 s.
22:35:12:283 [ 2724] | INFO  | Successfully compiled 'C:\Users\Jere2\Downloads\Vs. WinMario 2.75-2.8\Chat lock in\export\release\windows\bin\reshade-shaders\Shaders\FakeMotionBlur.fx' in 0.062000 s.
22:35:12:291 [ 2552] | INFO  | Successfully compiled 'C:\Users\Jere2\Downloads\Vs. WinMario 2.75-2.8\Chat lock in\export\release\windows\bin\reshade-shaders\Shaders\SweetFX\CAS.fx' in 0.036000 s.
22:35:12:293 [20908] | INFO  | Successfully compiled 'C:\Users\Jere2\Downloads\Vs. WinMario 2.75-2.8\Chat lock in\export\release\windows\bin\reshade-shaders\Shaders\ReflectiveBumpMapping.fx' in 0.036000 s.
22:35:12:293 [15236] | INFO  | Successfully compiled 'C:\Users\Jere2\Downloads\Vs. WinMario 2.75-2.8\Chat lock in\export\release\windows\bin\reshade-shaders\Shaders\SweetFX\LumaSharpen.fx' in 0.036000 s.
22:35:12:295 [ 6940] | INFO  | Successfully compiled 'C:\Users\Jere2\Downloads\Vs. WinMario 2.75-2.8\Chat lock in\export\release\windows\bin\reshade-shaders\Shaders\SweetFX\Vibrance.fx' in 0.037000 s.
22:35:12:295 [11852] | INFO  | Successfully compiled 'C:\Users\Jere2\Downloads\Vs. WinMario 2.75-2.8\Chat lock in\export\release\windows\bin\reshade-shaders\Shaders\SweetFX\Curves.fx' in 0.036000 s.
22:35:12:299 [21924] | INFO  | Successfully compiled 'C:\Users\Jere2\Downloads\Vs. WinMario 2.75-2.8\Chat lock in\export\release\windows\bin\reshade-shaders\Shaders\Denoise.fx' in 0.048000 s.
22:35:12:307 [ 4424] | INFO  | Successfully compiled 'C:\Users\Jere2\Downloads\Vs. WinMario 2.75-2.8\Chat lock in\export\release\windows\bin\reshade-shaders\Shaders\Glitch.fx' in 0.040000 s.
22:35:12:313 [15572] | INFO  | Successfully compiled 'C:\Users\Jere2\Downloads\Vs. WinMario 2.75-2.8\Chat lock in\export\release\windows\bin\reshade-shaders\Shaders\DH\dh_anime.fx' in 0.092000 s.
22:35:12:313 [ 8020] | INFO  | Successfully compiled 'C:\Users\Jere2\Downloads\Vs. WinMario 2.75-2.8\Chat lock in\export\release\windows\bin\reshade-shaders\Shaders\SweetFX\FXAA.fx' in 0.057000 s.
22:35:12:325 [20744] | INFO  | Successfully compiled 'C:\Users\Jere2\Downloads\Vs. WinMario 2.75-2.8\Chat lock in\export\release\windows\bin\reshade-shaders\Shaders\DisplayDepth.fx' in 0.041000 s.
22:35:12:328 [ 2724] | INFO  | Successfully compiled 'C:\Users\Jere2\Downloads\Vs. WinMario 2.75-2.8\Chat lock in\export\release\windows\bin\reshade-shaders\Shaders\FilmGrain2.fx' in 0.043000 s.
22:35:12:331 [ 2552] | INFO  | Successfully compiled 'C:\Users\Jere2\Downloads\Vs. WinMario 2.75-2.8\Chat lock in\export\release\windows\bin\reshade-shaders\Shaders\SweetFX\ChromaticAberration.fx' in 0.038000 s.
22:35:12:331 [15236] | INFO  | Successfully compiled 'C:\Users\Jere2\Downloads\Vs. WinMario 2.75-2.8\Chat lock in\export\release\windows\bin\reshade-shaders\Shaders\SweetFX\Monochrome.fx' in 0.037000 s.
22:35:12:333 [ 6940] | INFO  | Successfully compiled 'C:\Users\Jere2\Downloads\Vs. WinMario 2.75-2.8\Chat lock in\export\release\windows\bin\reshade-shaders\Shaders\SweetFX\Vignette.fx' in 0.038000 s.
22:35:12:333 [20908] | INFO  | Successfully compiled 'C:\Users\Jere2\Downloads\Vs. WinMario 2.75-2.8\Chat lock in\export\release\windows\bin\reshade-shaders\Shaders\SweetFX\ASCII.fx' in 0.039000 s.
22:35:12:334 [11852] | INFO  | Successfully compiled 'C:\Users\Jere2\Downloads\Vs. WinMario 2.75-2.8\Chat lock in\export\release\windows\bin\reshade-shaders\Shaders\SweetFX\DPX.fx' in 0.038000 s.
22:35:12:336 [ 8660] | INFO  | Successfully compiled 'C:\Users\Jere2\Downloads\Vs. WinMario 2.75-2.8\Chat lock in\export\release\windows\bin\reshade-shaders\Shaders\DH\dh_uber_mask.fx' in 0.067000 s.
22:35:12:338 [15752] | INFO  | Successfully compiled 'C:\Users\Jere2\Downloads\Vs. WinMario 2.75-2.8\Chat lock in\export\release\windows\bin\reshade-shaders\Shaders\LightDoF.fx' in 0.079000 s.
22:35:12:345 [ 4424] | INFO  | Successfully compiled 'C:\Users\Jere2\Downloads\Vs. WinMario 2.75-2.8\Chat lock in\export\release\windows\bin\reshade-shaders\Shaders\HighPassSharpen.fx' in 0.037000 s.
22:35:12:347 [22896] | INFO  | Successfully compiled 'C:\Users\Jere2\Downloads\Vs. WinMario 2.75-2.8\Chat lock in\export\release\windows\bin\reshade-shaders\Shaders\SweetFX\SMAA.fx' in 0.126000 s.
22:35:12:348 [ 8020] | INFO  | Successfully compiled 'C:\Users\Jere2\Downloads\Vs. WinMario 2.75-2.8\Chat lock in\export\release\windows\bin\reshade-shaders\Shaders\SweetFX\Layer.fx' in 0.034000 s.
22:35:12:361 [15572] | INFO  | Successfully compiled 'C:\Users\Jere2\Downloads\Vs. WinMario 2.75-2.8\Chat lock in\export\release\windows\bin\reshade-shaders\Shaders\DH\dh_canvas.fx' in 0.047000 s.
22:35:12:364 [ 2724] | INFO  | Successfully compiled 'C:\Users\Jere2\Downloads\Vs. WinMario 2.75-2.8\Chat lock in\export\release\windows\bin\reshade-shaders\Shaders\FilmicPass.fx' in 0.035000 s.
22:35:12:364 [21924] | INFO  | Successfully compiled 'C:\Users\Jere2\Downloads\Vs. WinMario 2.75-2.8\Chat lock in\export\release\windows\bin\reshade-shaders\Shaders\DH\dh_ahoh.fx' in 0.064000 s.
22:35:12:364 [ 2552] | INFO  | Successfully compiled 'C:\Users\Jere2\Downloads\Vs. WinMario 2.75-2.8\Chat lock in\export\release\windows\bin\reshade-shaders\Shaders\SweetFX\ColorMatrix.fx' in 0.033000 s.
22:35:12:367 [15236] | INFO  | Successfully compiled 'C:\Users\Jere2\Downloads\Vs. WinMario 2.75-2.8\Chat lock in\export\release\windows\bin\reshade-shaders\Shaders\SweetFX\Nostalgia.fx' in 0.035000 s.
22:35:12:367 [20908] | INFO  | Successfully compiled 'C:\Users\Jere2\Downloads\Vs. WinMario 2.75-2.8\Chat lock in\export\release\windows\bin\reshade-shaders\Shaders\SweetFX\Border.fx' in 0.033000 s.
22:35:12:368 [11852] | INFO  | Successfully compiled 'C:\Users\Jere2\Downloads\Vs. WinMario 2.75-2.8\Chat lock in\export\release\windows\bin\reshade-shaders\Shaders\SweetFX\FakeHDR.fx' in 0.034000 s.
22:35:12:372 [15752] | INFO  | Successfully compiled 'C:\Users\Jere2\Downloads\Vs. WinMario 2.75-2.8\Chat lock in\export\release\windows\bin\reshade-shaders\Shaders\LUT.fx' in 0.033000 s.
22:35:12:374 [ 2244] | INFO  | Successfully compiled 'C:\Users\Jere2\Downloads\Vs. WinMario 2.75-2.8\Chat lock in\export\release\windows\bin\reshade-shaders\Shaders\AmbientLight.fx' in 0.106000 s.
22:35:12:376 [ 6940] | INFO  | Successfully compiled 'C:\Users\Jere2\Downloads\Vs. WinMario 2.75-2.8\Chat lock in\export\release\windows\bin\reshade-shaders\Shaders\UIMask.fx' in 0.043000 s.
22:35:12:378 [ 4424] | INFO  | Successfully compiled 'C:\Users\Jere2\Downloads\Vs. WinMario 2.75-2.8\Chat lock in\export\release\windows\bin\reshade-shaders\Shaders\HQ4X.fx' in 0.031000 s.
22:35:12:379 [ 8020] | INFO  | Successfully compiled 'C:\Users\Jere2\Downloads\Vs. WinMario 2.75-2.8\Chat lock in\export\release\windows\bin\reshade-shaders\Shaders\SweetFX\Levels.fx' in 0.030000 s.
22:35:12:387 [22896] | INFO  | Successfully compiled 'C:\Users\Jere2\Downloads\Vs. WinMario 2.75-2.8\Chat lock in\export\release\windows\bin\reshade-shaders\Shaders\SweetFX\Splitscreen.fx' in 0.039000 s.
22:35:12:388 [15572] | INFO  | Successfully compiled 'C:\Users\Jere2\Downloads\Vs. WinMario 2.75-2.8\Chat lock in\export\release\windows\bin\reshade-shaders\Shaders\DH\dh_Lain.fx' in 0.027000 s.
22:35:12:390 [ 8660] | INFO  | Successfully compiled 'C:\Users\Jere2\Downloads\Vs. WinMario 2.75-2.8\Chat lock in\export\release\windows\bin\reshade-shaders\Shaders\DH\dh_uber_motion.fx' in 0.053000 s.
22:35:12:390 [15236] | INFO  | Successfully compiled 'C:\Users\Jere2\Downloads\Vs. WinMario 2.75-2.8\Chat lock in\export\release\windows\bin\reshade-shaders\Shaders\SweetFX\Sepia.fx' in 0.023000 s.
22:35:12:400 [ 4424] | INFO  | Successfully compiled 'C:\Users\Jere2\Downloads\Vs. WinMario 2.75-2.8\Chat lock in\export\release\windows\bin\reshade-shaders\Shaders\HSLShift.fx' in 0.022000 s.
22:35:12:407 [ 2552] | INFO  | Successfully compiled 'C:\Users\Jere2\Downloads\Vs. WinMario 2.75-2.8\Chat lock in\export\release\windows\bin\reshade-shaders\Shaders\SweetFX\Compare.fx' in 0.042000 s.
22:35:12:407 [21924] | INFO  | Successfully compiled 'C:\Users\Jere2\Downloads\Vs. WinMario 2.75-2.8\Chat lock in\export\release\windows\bin\reshade-shaders\Shaders\DH\dh_ambient_remove.fx' in 0.043000 s.
22:35:12:407 [22896] | INFO  | Successfully compiled 'C:\Users\Jere2\Downloads\Vs. WinMario 2.75-2.8\Chat lock in\export\release\windows\bin\reshade-shaders\Shaders\SweetFX\Technicolor.fx' in 0.021000 s.
22:35:12:409 [15572] | INFO  | Successfully compiled 'C:\Users\Jere2\Downloads\Vs. WinMario 2.75-2.8\Chat lock in\export\release\windows\bin\reshade-shaders\Shaders\DH\dh_pastel_bug.fx' in 0.020000 s.
22:35:12:424 [22896] | INFO  | Successfully compiled 'C:\Users\Jere2\Downloads\Vs. WinMario 2.75-2.8\Chat lock in\export\release\windows\bin\reshade-shaders\Shaders\SweetFX\Technicolor2.fx' in 0.015000 s.
22:35:12:428 [ 2724] | INFO  | Successfully compiled 'C:\Users\Jere2\Downloads\Vs. WinMario 2.75-2.8\Chat lock in\export\release\windows\bin\reshade-shaders\Shaders\FineSharp.fx' in 0.064000 s.
22:35:12:439 [ 2244] | INFO  | Successfully compiled 'C:\Users\Jere2\Downloads\Vs. WinMario 2.75-2.8\Chat lock in\export\release\windows\bin\reshade-shaders\Shaders\Bloom.fx' in 0.064000 s.
22:35:12:445 [20744] | INFO  | Successfully compiled 'C:\Users\Jere2\Downloads\Vs. WinMario 2.75-2.8\Chat lock in\export\release\windows\bin\reshade-shaders\Shaders\DOF.fx' in 0.120000 s.
22:35:12:452 [15752] | INFO  | Successfully compiled 'C:\Users\Jere2\Downloads\Vs. WinMario 2.75-2.8\Chat lock in\export\release\windows\bin\reshade-shaders\Shaders\MagicBloom.fx' in 0.079000 s.
22:35:12:452 [ 2244] | INFO  | Successfully compiled 'C:\Users\Jere2\Downloads\Vs. WinMario 2.75-2.8\Chat lock in\export\release\windows\bin\reshade-shaders\Shaders\Colourfulness.fx' in 0.012000 s.
22:35:12:456 [ 2244] | INFO  | Successfully compiled 'C:\Users\Jere2\Downloads\Vs. WinMario 2.75-2.8\Chat lock in\export\release\windows\bin\reshade-shaders\Shaders\Daltonize.fx' in 0.004000 s.
22:35:12:464 [ 8660] | WARN  | Successfully compiled 'C:\Users\Jere2\Downloads\Vs. WinMario 2.75-2.8\Chat lock in\export\release\windows\bin\reshade-shaders\Shaders\DH\dh_uber_rt.fx' in 0.073000 s with warnings:
C:\Users\Jere2\Downloads\Vs. WinMario 2.75-2.8\Chat lock in\export\release\windows\bin\reshade-shaders\Shaders\DH\dh_uber_rt.fx(3397, 1): error X3020: 'V__DH_UBER_RT_0206__reinhardTex': cannot sample from texture that is also used as render target in the same pass

22:35:12:471 [ 8660] | INFO  | Successfully compiled 'C:\Users\Jere2\Downloads\Vs. WinMario 2.75-2.8\Chat lock in\export\release\windows\bin\reshade-shaders\Shaders\DH\DH_UI_TextDetect.fx' in 0.006000 s.
22:35:12:728 [ 3492] | INFO  | Resizing image data for texture 'V__lensDBTex' from 1024x576 to 1920x1080.
22:35:12:744 [ 3492] | INFO  | Resizing image data for texture 'V__lensDB2Tex' from 1024x576 to 1920x1080.
22:35:12:936 [ 3492] | INFO  | Resizing image data for texture 'V__texDirt' from 1024x576 to 1920x1080.
22:37:10:031 [ 3492] | INFO  | Exiting ...
22:37:10:031 [ 3492] | INFO  | Uninstalling 563 hook(s) ...
22:37:11:059 [ 3492] | INFO  | Finished exiting.
